// Jest Snapshot v1, https://goo.gl/fbAQLP

exports[`Stats component renders Stats 1`] = `
<div>
  <span />
  <p />
</div>
`;
